// Jest Snapshot v1, https://goo.gl/fbAQLP

exports[`Tests for Footer component renders correctly 1`] = `
<footer>
  <div
    className="bg-gray-100 sm:rounded-t-xl pt-12 sm:pt-20 pb-8 px-6 sm:px-8 sm:px-32 mt-12 sm:mx-8"
  >
    <div
      className="grid grid-flow-row sm:grid-cols-3 gap-8"
    >
      <div
        className="row-span-1 sm:col-span-1"
      >
        <h1
          className="text-xl font-bold"
        >
          Customer Support
        </h1>
        <ul
          className="mt-4 text-gray-700"
        >
          <li
            className="hover:text-black"
          >
            <a
              href="/about"
            >
              <p>
                About Us
              </p>
            </a>
          </li>
          <li
            className="hover:text-black"
          >
            Returns & Exchanges
          </li>
          <li
            className="hover:text-black"
          >
            Privacy Policy
          </li>
          <li
            className="hover:text-black"
          >
            Terms of Service
          </li>
        </ul>
      </div>
      <div
        className="row-span-1 sm:col-span-1"
      >
        <h1
          className="text-xl font-bold"
        >
          Shop our Collections
        </h1>
        <ul
          className="mt-4 text-gray-700"
        />
      </div>
      <div
        className="row-span-1 sm:col-span-1"
      >
        <a
          className="text-xl font-bold"
          href="mailto:orders@tangledinstitches.com"
        >
          orders@tangledinstitches.com
        </a>
        <ul
          className="mt-4 text-gray-700"
        >
          <li
            className="hover:text-black"
          >
            <a
              href="https://www.instagram.com/tangledinstitches"
              rel="noreferrer noopener"
              target="_blank"
            >
              Instagram
            </a>
          </li>
          <li
            className="hover:text-black"
          >
            <a
              href="https://www.facebook.com/tangledinstitches"
              rel="noreferrer noopener"
              target="_blank"
            >
              Facebook
            </a>
          </li>
        </ul>
      </div>
    </div>
    <h2
      className="text-center mt-10 text-gray-700 text-sm"
    >
      Copyright Â© 
      2020
       
      Tangled in Stitches
    </h2>
  </div>
</footer>
`;
